// Vitest Snapshot v1

exports[`Pruebas en GifGridItem > debe de mostrar el componente correcto 1`] = `
<div
  className="card animate__animated animate__fadeInUp"
>
  <img
    alt="Un titulo"
    src="https://localhost/algo.jpg"
  />
  <p>
    Un titulo
  </p>
</div>
`;
